// Jest Snapshot v1, https://goo.gl/fbAQLP

exports[`Input is match the snapshot 1`] = `null`;
