// Jest Snapshot v1, https://goo.gl/fbAQLP

exports[`Placeholder is match the snapshot 1`] = `null`;
