// Jest Snapshot v1, https://goo.gl/fbAQLP

exports[`H3 is match the snapshot 1`] = `null`;
