// Jest Snapshot v1, https://goo.gl/fbAQLP

exports[`H4 is match the snapshot 1`] = `null`;
